
  .   ____          _            __ _ _
 /\\ / ___'_ __ _ _(_)_ __  __ _ \ \ \ \
( ( )\___ | '_ | '_| | '_ \/ _` | \ \ \ \
 \\/  ___)| |_)| | | | | || (_| |  ) ) ) )
  '  |____| .__|_| |_|_| |_\__, | / / / /
 =========|_|==============|___/=/_/_/_/
 :: Spring Boot ::               (v3.2.12)

2025-10-19T13:04:52.189+02:00  INFO 11573 --- [           main] c.taekwondo.ClubTaekwondoApplication     : Starting ClubTaekwondoApplication v0.0.1-SNAPSHOT using Java 17.0.12 with PID 11573 (/Users/Alizee/Desktop/ProjetTaekwondo/backend-club-taekwondo/target/club-taekwondo-0.0.1-SNAPSHOT.jar started by Alizee in /Users/Alizee/Desktop/ProjetTaekwondo/backend-club-taekwondo/target)
2025-10-19T13:04:52.191+02:00 DEBUG 11573 --- [           main] c.taekwondo.ClubTaekwondoApplication     : Running with Spring Boot v3.2.12, Spring v6.1.15
2025-10-19T13:04:52.192+02:00  INFO 11573 --- [           main] c.taekwondo.ClubTaekwondoApplication     : The following 1 profile is active: "local"
2025-10-19T13:04:53.845+02:00  INFO 11573 --- [           main] .s.d.r.c.RepositoryConfigurationDelegate : Multiple Spring Data modules found, entering strict repository configuration mode
2025-10-19T13:04:53.847+02:00  INFO 11573 --- [           main] .s.d.r.c.RepositoryConfigurationDelegate : Bootstrapping Spring Data JPA repositories in DEFAULT mode.
2025-10-19T13:04:53.941+02:00  INFO 11573 --- [           main] .RepositoryConfigurationExtensionSupport : Spring Data JPA - Could not safely identify store assignment for repository candidate interface club.taekwondo.repository.mongo.ActualiteRepository; If you want this repository to be a JPA repository, consider annotating your entities with one of these annotations: jakarta.persistence.Entity, jakarta.persistence.MappedSuperclass (preferred), or consider extending one of the following types with your repository: org.springframework.data.jpa.repository.JpaRepository
2025-10-19T13:04:53.946+02:00  INFO 11573 --- [           main] .RepositoryConfigurationExtensionSupport : Spring Data JPA - Could not safely identify store assignment for repository candidate interface club.taekwondo.repository.mongo.GalerieRepository; If you want this repository to be a JPA repository, consider annotating your entities with one of these annotations: jakarta.persistence.Entity, jakarta.persistence.MappedSuperclass (preferred), or consider extending one of the following types with your repository: org.springframework.data.jpa.repository.JpaRepository
2025-10-19T13:04:53.987+02:00  INFO 11573 --- [           main] .s.d.r.c.RepositoryConfigurationDelegate : Finished Spring Data repository scanning in 128 ms. Found 15 JPA repository interfaces.
2025-10-19T13:04:54.088+02:00  INFO 11573 --- [           main] .s.d.r.c.RepositoryConfigurationDelegate : Multiple Spring Data modules found, entering strict repository configuration mode
2025-10-19T13:04:54.089+02:00  INFO 11573 --- [           main] .s.d.r.c.RepositoryConfigurationDelegate : Bootstrapping Spring Data MongoDB repositories in DEFAULT mode.
2025-10-19T13:04:54.111+02:00  INFO 11573 --- [           main] .RepositoryConfigurationExtensionSupport : Spring Data MongoDB - Could not safely identify store assignment for repository candidate interface club.taekwondo.repository.jpa.EcheanceRepository; If you want this repository to be a MongoDB repository, consider annotating your entities with one of these annotations: org.springframework.data.mongodb.core.mapping.Document (preferred), or consider extending one of the following types with your repository: org.springframework.data.mongodb.repository.MongoRepository
2025-10-19T13:04:54.113+02:00  INFO 11573 --- [           main] .RepositoryConfigurationExtensionSupport : Spring Data MongoDB - Could not safely identify store assignment for repository candidate interface club.taekwondo.repository.jpa.DocumentRepository; If you want this repository to be a MongoDB repository, consider annotating your entities with one of these annotations: org.springframework.data.mongodb.core.mapping.Document (preferred), or consider extending one of the following types with your repository: org.springframework.data.mongodb.repository.MongoRepository
2025-10-19T13:04:54.114+02:00  INFO 11573 --- [           main] .RepositoryConfigurationExtensionSupport : Spring Data MongoDB - Could not safely identify store assignment for repository candidate interface club.taekwondo.repository.jpa.ClubRepository; If you want this repository to be a MongoDB repository, consider annotating your entities with one of these annotations: org.springframework.data.mongodb.core.mapping.Document (preferred), or consider extending one of the following types with your repository: org.springframework.data.mongodb.repository.MongoRepository
2025-10-19T13:04:54.115+02:00  INFO 11573 --- [           main] .RepositoryConfigurationExtensionSupport : Spring Data MongoDB - Could not safely identify store assignment for repository candidate interface club.taekwondo.repository.jpa.EvenementRepository; If you want this repository to be a MongoDB repository, consider annotating your entities with one of these annotations: org.springframework.data.mongodb.core.mapping.Document (preferred), or consider extending one of the following types with your repository: org.springframework.data.mongodb.repository.MongoRepository
2025-10-19T13:04:54.116+02:00  INFO 11573 --- [           main] .RepositoryConfigurationExtensionSupport : Spring Data MongoDB - Could not safely identify store assignment for repository candidate interface club.taekwondo.repository.jpa.MembreRepository; If you want this repository to be a MongoDB repository, consider annotating your entities with one of these annotations: org.springframework.data.mongodb.core.mapping.Document (preferred), or consider extending one of the following types with your repository: org.springframework.data.mongodb.repository.MongoRepository
2025-10-19T13:04:54.117+02:00  INFO 11573 --- [           main] .RepositoryConfigurationExtensionSupport : Spring Data MongoDB - Could not safely identify store assignment for repository candidate interface club.taekwondo.repository.jpa.ProduitRepository; If you want this repository to be a MongoDB repository, consider annotating your entities with one of these annotations: org.springframework.data.mongodb.core.mapping.Document (preferred), or consider extending one of the following types with your repository: org.springframework.data.mongodb.repository.MongoRepository
2025-10-19T13:04:54.118+02:00  INFO 11573 --- [           main] .RepositoryConfigurationExtensionSupport : Spring Data MongoDB - Could not safely identify store assignment for repository candidate interface club.taekwondo.repository.jpa.LigneCommandeRepository; If you want this repository to be a MongoDB repository, consider annotating your entities with one of these annotations: org.springframework.data.mongodb.core.mapping.Document (preferred), or consider extending one of the following types with your repository: org.springframework.data.mongodb.repository.MongoRepository
2025-10-19T13:04:54.118+02:00  INFO 11573 --- [           main] .RepositoryConfigurationExtensionSupport : Spring Data MongoDB - Could not safely identify store assignment for repository candidate interface club.taekwondo.repository.jpa.CommandeRepository; If you want this repository to be a MongoDB repository, consider annotating your entities with one of these annotations: org.springframework.data.mongodb.core.mapping.Document (preferred), or consider extending one of the following types with your repository: org.springframework.data.mongodb.repository.MongoRepository
2025-10-19T13:04:54.118+02:00  INFO 11573 --- [           main] .RepositoryConfigurationExtensionSupport : Spring Data MongoDB - Could not safely identify store assignment for repository candidate interface club.taekwondo.repository.jpa.ReinitialisationMotDePasseRepository; If you want this repository to be a MongoDB repository, consider annotating your entities with one of these annotations: org.springframework.data.mongodb.core.mapping.Document (preferred), or consider extending one of the following types with your repository: org.springframework.data.mongodb.repository.MongoRepository
2025-10-19T13:04:54.118+02:00  INFO 11573 --- [           main] .RepositoryConfigurationExtensionSupport : Spring Data MongoDB - Could not safely identify store assignment for repository candidate interface club.taekwondo.repository.jpa.AvisRepository; If you want this repository to be a MongoDB repository, consider annotating your entities with one of these annotations: org.springframework.data.mongodb.core.mapping.Document (preferred), or consider extending one of the following types with your repository: org.springframework.data.mongodb.repository.MongoRepository
2025-10-19T13:04:54.118+02:00  INFO 11573 --- [           main] .RepositoryConfigurationExtensionSupport : Spring Data MongoDB - Could not safely identify store assignment for repository candidate interface club.taekwondo.repository.jpa.ParametresPaiementRepository; If you want this repository to be a MongoDB repository, consider annotating your entities with one of these annotations: org.springframework.data.mongodb.core.mapping.Document (preferred), or consider extending one of the following types with your repository: org.springframework.data.mongodb.repository.MongoRepository
2025-10-19T13:04:54.124+02:00  INFO 11573 --- [           main] .RepositoryConfigurationExtensionSupport : Spring Data MongoDB - Could not safely identify store assignment for repository candidate interface club.taekwondo.repository.jpa.InscriptionEvenementRepository; If you want this repository to be a MongoDB repository, consider annotating your entities with one of these annotations: org.springframework.data.mongodb.core.mapping.Document (preferred), or consider extending one of the following types with your repository: org.springframework.data.mongodb.repository.MongoRepository
2025-10-19T13:04:54.125+02:00  INFO 11573 --- [           main] .RepositoryConfigurationExtensionSupport : Spring Data MongoDB - Could not safely identify store assignment for repository candidate interface club.taekwondo.repository.jpa.NotificationRepository; If you want this repository to be a MongoDB repository, consider annotating your entities with one of these annotations: org.springframework.data.mongodb.core.mapping.Document (preferred), or consider extending one of the following types with your repository: org.springframework.data.mongodb.repository.MongoRepository
2025-10-19T13:04:54.125+02:00  INFO 11573 --- [           main] .RepositoryConfigurationExtensionSupport : Spring Data MongoDB - Could not safely identify store assignment for repository candidate interface club.taekwondo.repository.jpa.PaiementRepository; If you want this repository to be a MongoDB repository, consider annotating your entities with one of these annotations: org.springframework.data.mongodb.core.mapping.Document (preferred), or consider extending one of the following types with your repository: org.springframework.data.mongodb.repository.MongoRepository
2025-10-19T13:04:54.125+02:00  INFO 11573 --- [           main] .RepositoryConfigurationExtensionSupport : Spring Data MongoDB - Could not safely identify store assignment for repository candidate interface club.taekwondo.repository.jpa.UtilisateurRepository; If you want this repository to be a MongoDB repository, consider annotating your entities with one of these annotations: org.springframework.data.mongodb.core.mapping.Document (preferred), or consider extending one of the following types with your repository: org.springframework.data.mongodb.repository.MongoRepository
2025-10-19T13:04:54.133+02:00  INFO 11573 --- [           main] .s.d.r.c.RepositoryConfigurationDelegate : Finished Spring Data repository scanning in 43 ms. Found 2 MongoDB repository interfaces.
2025-10-19T13:04:54.879+02:00  INFO 11573 --- [           main] o.s.b.w.embedded.tomcat.TomcatWebServer  : Tomcat initialized with port 8080 (http)
2025-10-19T13:04:54.897+02:00  INFO 11573 --- [           main] o.apache.catalina.core.StandardService   : Starting service [Tomcat]
2025-10-19T13:04:54.897+02:00  INFO 11573 --- [           main] o.apache.catalina.core.StandardEngine    : Starting Servlet engine: [Apache Tomcat/10.1.33]
2025-10-19T13:04:54.941+02:00  INFO 11573 --- [           main] o.a.c.c.C.[Tomcat].[localhost].[/]       : Initializing Spring embedded WebApplicationContext
2025-10-19T13:04:54.942+02:00  INFO 11573 --- [           main] w.s.c.ServletWebServerApplicationContext : Root WebApplicationContext: initialization completed in 2684 ms
2025-10-19T13:04:55.155+02:00  INFO 11573 --- [           main] o.hibernate.jpa.internal.util.LogHelper  : HHH000204: Processing PersistenceUnitInfo [name: default]
2025-10-19T13:04:55.253+02:00  INFO 11573 --- [           main] org.hibernate.Version                    : HHH000412: Hibernate ORM core version 6.4.10.Final
2025-10-19T13:04:55.290+02:00  INFO 11573 --- [           main] o.h.c.internal.RegionFactoryInitiator    : HHH000026: Second-level cache disabled
2025-10-19T13:04:55.564+02:00  INFO 11573 --- [           main] o.s.o.j.p.SpringPersistenceUnitInfo      : No LoadTimeWeaver setup: ignoring JPA class transformer
2025-10-19T13:04:55.590+02:00  INFO 11573 --- [           main] com.zaxxer.hikari.HikariDataSource       : HikariPool-1 - Starting...
2025-10-19T13:04:56.733+02:00  INFO 11573 --- [           main] com.zaxxer.hikari.pool.HikariPool        : HikariPool-1 - Added connection com.mysql.cj.jdbc.ConnectionImpl@29fcfc54
2025-10-19T13:04:56.744+02:00  INFO 11573 --- [           main] com.zaxxer.hikari.HikariDataSource       : HikariPool-1 - Start completed.
2025-10-19T13:04:57.154+02:00  WARN 11573 --- [           main] org.hibernate.orm.deprecation            : HHH90000025: MySQL8Dialect does not need to be specified explicitly using 'hibernate.dialect' (remove the property setting and it will be selected by default)
2025-10-19T13:04:57.159+02:00  WARN 11573 --- [           main] org.hibernate.orm.deprecation            : HHH90000026: MySQL8Dialect has been deprecated; use org.hibernate.dialect.MySQLDialect instead
2025-10-19T13:04:58.893+02:00  INFO 11573 --- [           main] o.h.e.t.j.p.i.JtaPlatformInitiator       : HHH000489: No JTA platform available (set 'hibernate.transaction.jta.platform' to enable JTA platform integration)
2025-10-19T13:04:59.339+02:00  INFO 11573 --- [           main] j.LocalContainerEntityManagerFactoryBean : Initialized JPA EntityManagerFactory for persistence unit 'default'
2025-10-19T13:05:00.292+02:00 DEBUG 11573 --- [           main] club.taekwondo.config.JwtAuthFilter      : Filter 'jwtAuthFilter' configured for use
2025-10-19T13:05:00.340+02:00  INFO 11573 --- [           main] o.s.d.j.r.query.QueryEnhancerFactory     : Hibernate is in classpath; If applicable, HQL parser will be used.
2025-10-19T13:05:01.972+02:00  INFO 11573 --- [           main] org.mongodb.driver.client                : MongoClient with metadata {"driver": {"name": "mongo-java-driver|sync|spring-boot", "version": "4.11.5"}, "os": {"type": "Darwin", "name": "Mac OS X", "architecture": "aarch64", "version": "15.5"}, "platform": "Java/Oracle Corporation/17.0.12+8-LTS-286"} created with settings MongoClientSettings{readPreference=primary, writeConcern=WriteConcern{w=null, wTimeout=null ms, journal=null}, retryWrites=true, retryReads=true, readConcern=ReadConcern{level=null}, credential=null, transportSettings=null, streamFactoryFactory=null, commandListeners=[], codecRegistry=ProvidersCodecRegistry{codecProviders=[ValueCodecProvider{}, BsonValueCodecProvider{}, DBRefCodecProvider{}, DBObjectCodecProvider{}, DocumentCodecProvider{}, CollectionCodecProvider{}, IterableCodecProvider{}, MapCodecProvider{}, GeoJsonCodecProvider{}, GridFSFileCodecProvider{}, Jsr310CodecProvider{}, JsonObjectCodecProvider{}, BsonCodecProvider{}, EnumCodecProvider{}, com.mongodb.client.model.mql.ExpressionCodecProvider@4834e816, com.mongodb.Jep395RecordCodecProvider@3c3562c0, com.mongodb.KotlinCodecProvider@3045fbb4]}, loggerSettings=LoggerSettings{maxDocumentLength=1000}, clusterSettings={hosts=[localhost:27017], srvServiceName=mongodb, mode=SINGLE, requiredClusterType=UNKNOWN, requiredReplicaSetName='null', serverSelector='null', clusterListeners='[]', serverSelectionTimeout='30000 ms', localThreshold='15 ms'}, socketSettings=SocketSettings{connectTimeoutMS=10000, readTimeoutMS=0, receiveBufferSize=0, proxySettings=ProxySettings{host=null, port=null, username=null, password=null}}, heartbeatSocketSettings=SocketSettings{connectTimeoutMS=10000, readTimeoutMS=10000, receiveBufferSize=0, proxySettings=ProxySettings{host=null, port=null, username=null, password=null}}, connectionPoolSettings=ConnectionPoolSettings{maxSize=100, minSize=0, maxWaitTimeMS=120000, maxConnectionLifeTimeMS=0, maxConnectionIdleTimeMS=0, maintenanceInitialDelayMS=0, maintenanceFrequencyMS=60000, connectionPoolListeners=[], maxConnecting=2}, serverSettings=ServerSettings{heartbeatFrequencyMS=10000, minHeartbeatFrequencyMS=500, serverListeners='[]', serverMonitorListeners='[]'}, sslSettings=SslSettings{enabled=false, invalidHostNameAllowed=false, context=null}, applicationName='null', compressorList=[], uuidRepresentation=JAVA_LEGACY, serverApi=null, autoEncryptionSettings=null, dnsClient=null, inetAddressResolver=null, contextProvider=null}
2025-10-19T13:05:02.007+02:00  INFO 11573 --- [localhost:27017] org.mongodb.driver.cluster               : Monitor thread successfully connected to server with description ServerDescription{address=localhost:27017, type=STANDALONE, state=CONNECTED, ok=true, minWireVersion=0, maxWireVersion=17, maxDocumentSize=16777216, logicalSessionTimeoutMinutes=30, roundTripTimeNanos=44224209}
✅ Stripe API Key initialized.
2025-10-19T13:05:02.304+02:00  WARN 11573 --- [           main] JpaBaseConfiguration$JpaWebConfiguration : spring.jpa.open-in-view is enabled by default. Therefore, database queries may be performed during view rendering. Explicitly configure spring.jpa.open-in-view to disable this warning
2025-10-19T13:05:02.393+02:00  WARN 11573 --- [           main] .s.s.UserDetailsServiceAutoConfiguration : 

Using generated security password: d81a690d-260c-487e-bc0b-9a5daa6f494b

This generated password is for development use only. Your security configuration must be updated before running your application in production.

2025-10-19T13:05:02.993+02:00  INFO 11573 --- [           main] o.s.s.web.DefaultSecurityFilterChain     : Will secure any request with [org.springframework.security.web.session.DisableEncodeUrlFilter@399ebdee, org.springframework.security.web.context.request.async.WebAsyncManagerIntegrationFilter@2b720a2c, org.springframework.security.web.context.SecurityContextHolderFilter@695dc0e6, org.springframework.security.web.header.HeaderWriterFilter@2de5bb6e, org.springframework.web.filter.CorsFilter@21faf535, org.springframework.security.web.authentication.logout.LogoutFilter@238d045a, club.taekwondo.config.JwtAuthFilter@6e4ac3f5, org.springframework.security.web.savedrequest.RequestCacheAwareFilter@1d51de61, org.springframework.security.web.servletapi.SecurityContextHolderAwareRequestFilter@ee1493e, org.springframework.security.web.authentication.AnonymousAuthenticationFilter@5de993d, org.springframework.security.web.session.SessionManagementFilter@4d8decd1, org.springframework.security.web.access.ExceptionTranslationFilter@38e6dab2, org.springframework.security.web.access.intercept.AuthorizationFilter@6f4fa62f]
2025-10-19T13:05:03.476+02:00  INFO 11573 --- [           main] o.s.b.w.embedded.tomcat.TomcatWebServer  : Tomcat started on port 8080 (http) with context path ''
2025-10-19T13:05:03.506+02:00  INFO 11573 --- [           main] c.taekwondo.ClubTaekwondoApplication     : Started ClubTaekwondoApplication in 11.823 seconds (process running for 12.56)
Hibernate: select u1_0.id,u1_0.adresse,u1_0.club_id,u1_0.date_naissance,u1_0.email,u1_0.nom,u1_0.password,u1_0.prenom,u1_0.role,u1_0.telephone from utilisateur u1_0 where u1_0.email=?
Hibernate: select m1_0.id,m1_0.ceinture,m1_0.club_id,cu1_0.id,cu1_0.adresse,c2_0.id,c2_0.adresse,c2_0.email,c2_0.logo,c2_0.name,c2_0.telephone,cu1_0.date_naissance,cu1_0.email,cu1_0.nom,cu1_0.password,cu1_0.prenom,cu1_0.role,cu1_0.telephone,m1_0.date_naissance,m1_0.est_adulte,m1_0.nom,m1_0.numero_licence,m1_0.parent_id,m1_0.prenom from membre m1_0 left join utilisateur cu1_0 on cu1_0.id=m1_0.compte_utilisateur_id left join clubs c2_0 on c2_0.id=cu1_0.club_id where m1_0.compte_utilisateur_id=?
[BOOTSTRAP] Compte super-admin déjà présent: superadmin@club.local
Hibernate: select u1_0.id,u1_0.adresse,u1_0.club_id,u1_0.date_naissance,u1_0.email,u1_0.nom,u1_0.password,u1_0.prenom,u1_0.role,u1_0.telephone from utilisateur u1_0 where u1_0.email=?
Hibernate: select m1_0.id,m1_0.ceinture,m1_0.club_id,cu1_0.id,cu1_0.adresse,c2_0.id,c2_0.adresse,c2_0.email,c2_0.logo,c2_0.name,c2_0.telephone,cu1_0.date_naissance,cu1_0.email,cu1_0.nom,cu1_0.password,cu1_0.prenom,cu1_0.role,cu1_0.telephone,m1_0.date_naissance,m1_0.est_adulte,m1_0.nom,m1_0.numero_licence,m1_0.parent_id,m1_0.prenom from membre m1_0 left join utilisateur cu1_0 on cu1_0.id=m1_0.compte_utilisateur_id left join clubs c2_0 on c2_0.id=cu1_0.club_id where m1_0.compte_utilisateur_id=?
[BOOTSTRAP] Compte admin déjà présent: admin@club.local
ClubTaekwondoApplication demarre...
2025-10-19T13:05:28.731+02:00  INFO 11573 --- [nio-8080-exec-1] o.a.c.c.C.[Tomcat].[localhost].[/]       : Initializing Spring DispatcherServlet 'dispatcherServlet'
2025-10-19T13:05:28.733+02:00  INFO 11573 --- [nio-8080-exec-1] o.s.web.servlet.DispatcherServlet        : Initializing Servlet 'dispatcherServlet'
2025-10-19T13:05:28.744+02:00  INFO 11573 --- [nio-8080-exec-1] o.s.web.servlet.DispatcherServlet        : Completed initialization in 11 ms
2025-10-19T13:05:28.778+02:00 DEBUG 11573 --- [nio-8080-exec-1] o.s.security.web.FilterChainProxy        : Securing POST /api/utilisateurs/login
2025-10-19T13:05:28.789+02:00 DEBUG 11573 --- [nio-8080-exec-1] club.taekwondo.config.JwtAuthFilter      : [SEC] Endpoint public ignoré: /api/utilisateurs/login
2025-10-19T13:05:28.792+02:00 DEBUG 11573 --- [nio-8080-exec-1] o.s.s.w.a.AnonymousAuthenticationFilter  : Set SecurityContextHolder to anonymous SecurityContext
2025-10-19T13:05:28.796+02:00 DEBUG 11573 --- [nio-8080-exec-1] o.s.security.web.FilterChainProxy        : Secured POST /api/utilisateurs/login
2025-10-19T13:05:28.797+02:00 DEBUG 11573 --- [nio-8080-exec-1] club.taekwondo.config.JwtAuthFilter      : [SEC] Endpoint public ignoré: /api/utilisateurs/login
[2025-10-19T13:05:28.920907+02:00][USR][LOGIN] ⬅ payload reçu
[2025-10-19T13:05:28.922507+02:00][USR-SVC][login] email=superadmin@club.local -> normalized=superadmin@club.local, password=***(13 chars)
Hibernate: select u1_0.id,u1_0.adresse,u1_0.club_id,u1_0.date_naissance,u1_0.email,u1_0.nom,u1_0.password,u1_0.prenom,u1_0.role,u1_0.telephone from utilisateur u1_0 where upper(u1_0.email)=upper(?)
Hibernate: select m1_0.id,m1_0.ceinture,m1_0.club_id,cu1_0.id,cu1_0.adresse,c2_0.id,c2_0.adresse,c2_0.email,c2_0.logo,c2_0.name,c2_0.telephone,cu1_0.date_naissance,cu1_0.email,cu1_0.nom,cu1_0.password,cu1_0.prenom,cu1_0.role,cu1_0.telephone,m1_0.date_naissance,m1_0.est_adulte,m1_0.nom,m1_0.numero_licence,m1_0.parent_id,m1_0.prenom from membre m1_0 left join utilisateur cu1_0 on cu1_0.id=m1_0.compte_utilisateur_id left join clubs c2_0 on c2_0.id=cu1_0.club_id where m1_0.compte_utilisateur_id=?
[2025-10-19T13:05:29.073102+02:00][USR-SVC][login] password matches? true for userId=2
[2025-10-19T13:05:29.076165+02:00][USR-SVC][convertToDTO] in: Entity[id=2, nom=Super, prenom=Admin, email=superadmin@club.local, tel=null, adr='null', dateN=null, role=SUPER_ADMIN]
[2025-10-19T13:05:29.077394+02:00][USR-SVC][convertToDTO] out: DTO[id=2, nom=Super, prenom=Admin, email=superadmin@club.local, tel=null, adr='null', dateN=null, role=SUPER_ADMIN, pwd=null]
[2025-10-19T13:05:29.077528+02:00][USR-SVC][login] ⚠ super-admin sans club, connexion autorisée
[2025-10-19T13:05:29.077630+02:00][USR-SVC][login] success? true
Hibernate: select m1_0.id,m1_0.ceinture,m1_0.club_id,m1_0.compte_utilisateur_id,m1_0.date_naissance,m1_0.est_adulte,m1_0.nom,m1_0.numero_licence,m1_0.parent_id,m1_0.prenom from membre m1_0 where m1_0.compte_utilisateur_id=?
2025-10-19T13:05:37.079+02:00 DEBUG 11573 --- [nio-8080-exec-2] o.s.security.web.FilterChainProxy        : Securing POST /api/documents
2025-10-19T13:05:37.086+02:00 DEBUG 11573 --- [nio-8080-exec-2] club.taekwondo.config.JwtAuthFilter      : [SEC] POST /api/documents
2025-10-19T13:05:37.088+02:00 DEBUG 11573 --- [nio-8080-exec-2] club.taekwondo.config.JwtAuthFilter      : [SEC] Header Authorization: Bearer eyJhbGciOiJIUzI1NiJ9.eyJzdWIiOiJzdXBlcmFkbWluQGNsdWIubG9jYWwiLCJyb2xlIjoiU1VQRVJfQURNSU4iLCJ1dGlsaXNhdGV1cklkIjoyLCJpYXQiOjE3NjA4NzE5MjksImV4cCI6MTc2MDk1ODMyOX0.AxZ-5vziIW0DcpeOAqJWXv8ZQPk5FRYn--WjyfxiQcg
2025-10-19T13:05:37.088+02:00 DEBUG 11573 --- [nio-8080-exec-2] club.taekwondo.config.JwtAuthFilter      : [SEC] Bearer présent (len=204)
2025-10-19T13:05:37.171+02:00 DEBUG 11573 --- [nio-8080-exec-2] club.taekwondo.config.JwtAuthFilter      : [SEC] email extrait du JWT = superadmin@club.local
2025-10-19T13:05:37.172+02:00 DEBUG 11573 --- [nio-8080-exec-2] club.taekwondo.config.JwtAuthFilter      : [SEC] rôle extrait du JWT = SUPER_ADMIN
[2025-10-19T13:05:37.181601+02:00][USR-SVC][getUtilisateurEntityByEmail] in email=superadmin@club.local -> normalized=superadmin@club.local
Hibernate: select u1_0.id,u1_0.adresse,u1_0.club_id,u1_0.date_naissance,u1_0.email,u1_0.nom,u1_0.password,u1_0.prenom,u1_0.role,u1_0.telephone from utilisateur u1_0 where upper(u1_0.email)=upper(?)
Hibernate: select m1_0.id,m1_0.ceinture,m1_0.club_id,cu1_0.id,cu1_0.adresse,c2_0.id,c2_0.adresse,c2_0.email,c2_0.logo,c2_0.name,c2_0.telephone,cu1_0.date_naissance,cu1_0.email,cu1_0.nom,cu1_0.password,cu1_0.prenom,cu1_0.role,cu1_0.telephone,m1_0.date_naissance,m1_0.est_adulte,m1_0.nom,m1_0.numero_licence,m1_0.parent_id,m1_0.prenom from membre m1_0 left join utilisateur cu1_0 on cu1_0.id=m1_0.compte_utilisateur_id left join clubs c2_0 on c2_0.id=cu1_0.club_id where m1_0.compte_utilisateur_id=?
[2025-10-19T13:05:37.223500+02:00][USR-SVC][getUtilisateurEntityByEmail] present? true
2025-10-19T13:05:37.224+02:00 DEBUG 11573 --- [nio-8080-exec-2] club.taekwondo.config.JwtAuthFilter      : [SEC] Utilisateur trouvé: Admin Super
2025-10-19T13:05:37.224+02:00 DEBUG 11573 --- [nio-8080-exec-2] club.taekwondo.config.JwtAuthFilter      : [SEC] rôle BDD normalisé = SUPER_ADMIN
2025-10-19T13:05:37.228+02:00 DEBUG 11573 --- [nio-8080-exec-2] club.taekwondo.config.JwtAuthFilter      : [SEC] Auth OK: user=superadmin@club.local authorities=[ROLE_SUPER_ADMIN]
2025-10-19T13:05:37.232+02:00 DEBUG 11573 --- [nio-8080-exec-2] o.s.security.web.FilterChainProxy        : Secured POST /api/documents
Création de document: typeDocument=CERTIFICAT_MEDICAL, utilisateurId=2, membreId=1
[GOOGLE DRIVE] Impossible de lire les credentials Google Drive depuis 'file:/Users/Alizee/Desktop/ProjetTaekwondo/taekwondo-475311-419e1b7dcba9.json'. Vérifiez que le fichier est une clé de compte de service (JSON) contenant "type": "service_account". Détails: 403 Forbidden
{
  "code" : 403,
  "errors" : [ {
    "domain" : "usageLimits",
    "message" : "Service Accounts do not have storage quota. Leverage shared drives (https://developers.google.com/workspace/drive/api/guides/about-shareddrives), or use OAuth delegation (http://support.google.com/a/answer/7281227) instead.",
    "reason" : "storageQuotaExceeded"
  } ],
  "message" : "Service Accounts do not have storage quota. Leverage shared drives (https://developers.google.com/workspace/drive/api/guides/about-shareddrives), or use OAuth delegation (http://support.google.com/a/answer/7281227) instead."
}
Erreur Google Drive: Impossible de lire les credentials Google Drive depuis 'file:/Users/Alizee/Desktop/ProjetTaekwondo/taekwondo-475311-419e1b7dcba9.json'. Vérifiez que le fichier est une clé de compte de service (JSON) contenant "type": "service_account". Détails: 403 Forbidden
{
  "code" : 403,
  "errors" : [ {
    "domain" : "usageLimits",
    "message" : "Service Accounts do not have storage quota. Leverage shared drives (https://developers.google.com/workspace/drive/api/guides/about-shareddrives), or use OAuth delegation (http://support.google.com/a/answer/7281227) instead.",
    "reason" : "storageQuotaExceeded"
  } ],
  "message" : "Service Accounts do not have storage quota. Leverage shared drives (https://developers.google.com/workspace/drive/api/guides/about-shareddrives), or use OAuth delegation (http://support.google.com/a/answer/7281227) instead."
}
Fichier sauvegardé localement (fallback): 1760871939760_test-upload.txt
Fichier téléchargé sur Google Drive: 1760871939760_test-upload.txt
Création d'un nouveau document pour l'utilisateur ID: 2
Conversion du DTO en Document...
Hibernate: select u1_0.id,u1_0.adresse,c1_0.id,c1_0.adresse,c1_0.email,c1_0.logo,c1_0.name,c1_0.telephone,u1_0.date_naissance,u1_0.email,m1_0.id,m1_0.ceinture,m1_0.club_id,m1_0.date_naissance,m1_0.est_adulte,m1_0.nom,m1_0.numero_licence,m1_0.parent_id,m1_0.prenom,u1_0.nom,u1_0.password,u1_0.prenom,u1_0.role,u1_0.telephone from utilisateur u1_0 left join clubs c1_0 on c1_0.id=u1_0.club_id left join membre m1_0 on u1_0.id=m1_0.compte_utilisateur_id where u1_0.id=?
Hibernate: select m1_0.id,m1_0.ceinture,m1_0.club_id,cu1_0.id,cu1_0.adresse,c2_0.id,c2_0.adresse,c2_0.email,c2_0.logo,c2_0.name,c2_0.telephone,cu1_0.date_naissance,cu1_0.email,cu1_0.nom,cu1_0.password,cu1_0.prenom,cu1_0.role,cu1_0.telephone,m1_0.date_naissance,m1_0.est_adulte,m1_0.nom,m1_0.numero_licence,m1_0.parent_id,m1_0.prenom from membre m1_0 left join utilisateur cu1_0 on cu1_0.id=m1_0.compte_utilisateur_id left join clubs c2_0 on c2_0.id=cu1_0.club_id where m1_0.id=?
Erreur de validation: Ce membre (id=1) n'appartient pas à l'utilisateur 2
2025-10-19T13:27:16.154+02:00  WARN 11573 --- [l-1 housekeeper] com.zaxxer.hikari.pool.HikariPool        : HikariPool-1 - Thread starvation or clock leap detected (housekeeper delta=18m19s234ms).
2025-10-19T13:48:26.618+02:00  WARN 11573 --- [l-1 housekeeper] com.zaxxer.hikari.pool.HikariPool        : HikariPool-1 - Thread starvation or clock leap detected (housekeeper delta=21m10s477ms).
2025-10-19T14:20:45.901+02:00  WARN 11573 --- [l-1 housekeeper] com.zaxxer.hikari.pool.HikariPool        : HikariPool-1 - Thread starvation or clock leap detected (housekeeper delta=32m19s281ms).
2025-10-19T15:10:21.281+02:00  WARN 11573 --- [l-1 housekeeper] com.zaxxer.hikari.pool.HikariPool        : HikariPool-1 - Thread starvation or clock leap detected (housekeeper delta=47m5s327ms).
2025-10-19T15:28:26.950+02:00  WARN 11573 --- [l-1 housekeeper] com.zaxxer.hikari.pool.HikariPool        : HikariPool-1 - Thread starvation or clock leap detected (housekeeper delta=17m35s638ms).
2025-10-19T16:27:14.215+02:00  WARN 11573 --- [l-1 housekeeper] com.zaxxer.hikari.pool.HikariPool        : HikariPool-1 - Thread starvation or clock leap detected (housekeeper delta=58m47s272ms).
2025-10-19T17:12:19.131+02:00  WARN 11573 --- [l-1 housekeeper] com.zaxxer.hikari.pool.HikariPool        : HikariPool-1 - Thread starvation or clock leap detected (housekeeper delta=45m4s912ms).
2025-10-19T18:01:23.748+02:00  WARN 11573 --- [l-1 housekeeper] com.zaxxer.hikari.pool.HikariPool        : HikariPool-1 - Thread starvation or clock leap detected (housekeeper delta=49m4s621ms).
2025-10-19T18:05:09.721+02:00  WARN 11573 --- [l-1 housekeeper] com.zaxxer.hikari.pool.HikariPool        : HikariPool-1 - Thread starvation or clock leap detected (housekeeper delta=1m15s949ms).
2025-10-19T18:14:06.136+02:00  WARN 11573 --- [l-1 housekeeper] com.zaxxer.hikari.pool.HikariPool        : HikariPool-1 - Thread starvation or clock leap detected (housekeeper delta=8m56s416ms).
2025-10-19T19:05:52.018+02:00  WARN 11573 --- [l-1 housekeeper] com.zaxxer.hikari.pool.HikariPool        : HikariPool-1 - Thread starvation or clock leap detected (housekeeper delta=51m45s882ms).
2025-10-19T19:14:21.133+02:00  WARN 11573 --- [l-1 housekeeper] com.zaxxer.hikari.pool.HikariPool        : HikariPool-1 - Thread starvation or clock leap detected (housekeeper delta=7m59s86ms).
2025-10-19T20:03:53.979+02:00  WARN 11573 --- [l-1 housekeeper] com.zaxxer.hikari.pool.HikariPool        : HikariPool-1 - Thread starvation or clock leap detected (housekeeper delta=49m32s848ms).
2025-10-20T04:22:22.429+02:00  WARN 11573 --- [l-1 housekeeper] com.zaxxer.hikari.pool.HikariPool        : HikariPool-1 - Thread starvation or clock leap detected (housekeeper delta=50s659ms).
2025-10-20T04:38:42.137+02:00  WARN 11573 --- [l-1 housekeeper] com.zaxxer.hikari.pool.HikariPool        : HikariPool-1 - Thread starvation or clock leap detected (housekeeper delta=15m49s666ms).
2025-10-20T04:43:51.989+02:00  WARN 11573 --- [l-1 housekeeper] com.zaxxer.hikari.pool.HikariPool        : HikariPool-1 - Thread starvation or clock leap detected (housekeeper delta=1m9s783ms).
2025-10-20T05:01:58.910+02:00  WARN 11573 --- [l-1 housekeeper] com.zaxxer.hikari.pool.HikariPool        : HikariPool-1 - Thread starvation or clock leap detected (housekeeper delta=17m36s903ms).
2025-10-20T07:16:41.760+02:00  WARN 11573 --- [l-1 housekeeper] com.zaxxer.hikari.pool.HikariPool        : HikariPool-1 - Thread starvation or clock leap detected (housekeeper delta=38m11s587ms).
2025-10-20T07:31:21.179+02:00  WARN 11573 --- [l-1 housekeeper] com.zaxxer.hikari.pool.HikariPool        : HikariPool-1 - Thread starvation or clock leap detected (housekeeper delta=14m39s420ms).
